[2026-05-22 11:20:10] [ERROR] [AIEngine] [TRC502] AI model inference failed
[2026-05-22 11:00:01] [INFO] [AuthService] [TRC500] User authentication started
[2026-05-22 11:10:16] [ERROR] [Inventory] [TRC501] Product synchronization failed
[2026-05-22 11:30:02] [INFO] [EmailService] [TRC503] SMTP authentication started
[2026-05-22 11:20:01] [INFO] [AIEngine] [TRC502] AI inference request received
[2026-05-22 11:00:07] [ERROR] [PaymentGateway] [TRC500] Payment request timeout
[2026-05-22 11:10:11] [INFO] [Inventory] [TRC501] Product sync started
[2026-05-22 11:40:03] [INFO] [Database] [TRC504] User profile query started
[2026-05-22 11:30:05] [WARNING] [SMTPServer] [TRC503] SMTP queue delay detected
[2026-05-22 11:00:05] [WARNING] [Database] [TRC500] Database latency above threshold
[2026-05-22 11:20:07] [WARNING] [GPUManager] [TRC502] GPU memory usage critical
[2026-05-22 11:40:07] [ERROR] [UserService] [TRC504] User profile request timeout
[2026-05-22 11:10:15] [WARNING] [Server] [TRC501] Memory usage exceeded 80%
[2026-05-22 11:30:06] [ERROR] [EmailService] [TRC503] Failed to send email batch
[2026-05-22 11:00:02] [INFO] [AuthService] [TRC500] JWT token generated
[2026-05-22 11:20:03] [INFO] [GPUManager] [TRC502] GPU allocation started
[2026-05-22 11:10:17] [CRITICAL] [Server] [TRC501] Inventory microservice crashed
[2026-05-22 11:40:05] [WARNING] [Database] [TRC504] Slow query execution detected
[2026-05-22 11:00:08] [CRITICAL] [PaymentGateway] [TRC500] Transaction rollback failed
[2026-05-22 11:30:07] [CRITICAL] [SMTPServer] [TRC503] SMTP service unavailable
[2026-05-22 11:20:11] [CRITICAL] [GPUManager] [TRC502] GPU shutdown initiated
[2026-05-22 11:40:08] [CRITICAL] [Database] [TRC504] Database connection pool exhausted
[2026-05-22 11:10:13] [INFO] [Inventory] [TRC501] Warehouse API connected
[2026-05-22 11:00:04] [INFO] [PaymentGateway] [TRC500] Payment request initiated
[2026-05-22 11:20:05] [WARNING] [GPUManager] [TRC502] GPU temperature rising
[2026-05-22 11:40:01] [INFO] [UserService] [TRC504] User profile request received